
/* Generic Signature Changes */

/* RawRepresentable Changes */

/* Removed Decls */

/* Moved Decls */

/* Renamed Decls */

/* Type Changes */

/* Decl Attribute changes */

/* Protocol Requirement Changes */
